// Jest Snapshot v1, https://goo.gl/fbAQLP

exports[`Navigation (Unit) render Navigation() Navigation render should match snapshot 1`] = `
<DocumentFragment>
  <nav
    class="sticky-nav navbar navbar-expand-lg navbar-dark bg-dark"
  >
    <div
      class="container"
    >
      <span
        class="navbar-brand"
      >
        <i
          class="fas fa-address-book "
        />
      </span>
      <a
        href="/"
        style="text-decoration: none; padding-right: 50px;"
      >
        Address Book
      </a>
      <button
        aria-controls="responsive-navbar-nav"
        aria-label="Toggle navigation"
        class="navbar-toggler collapsed"
        type="button"
      >
        <span
          class="navbar-toggler-icon"
        />
      </button>
      <div
        class="navbar-collapse collapse"
        id="responsive-navbar-nav"
      >
        <div
          class="ml-auto navbar-nav"
        >
          <a
            class="nav-item"
            href="/addcontact"
            style="text-decoration: none;"
          >
            Add New Contact
            <i
              class="fas fa-plus ml-2"
            />
          </a>
          <div
            class="nav-item"
          />
        </div>
      </div>
    </div>
  </nav>
</DocumentFragment>
`;
