// Jest Snapshot v1, https://goo.gl/fbAQLP

exports[`Add Contact (Unit) render() AddContact should match snapshot 1`] = `
<div
  title="Click to show details"
>
  <h1>
    Add a new Contact
  </h1>
  <div
    class="p-3 container"
  >
    <div
      class="row"
    >
      <div
        class="text-left py-5 mt-3 ml-0 pl-0 col-md-12"
      >
        <div
          style="padding-left: 30px;"
        >
          <button
            class="btn btn-secondary"
            type="button"
          >
            <i
              class="fas fa-arrow-left mr-2"
            />
            back
          </button>
        </div>
      </div>
    </div>
    <form
      class=""
    >
      <div
        class="mb-3 form-group row"
      >
        <label
          class="form-label col-form-label col-sm-2"
          for="formPlaintextEmail"
        >
          First Name
        </label>
        <div
          class="col-sm-10"
        >
          <input
            class="form-control"
            id="formPlaintextEmail"
            placeholder="First Name"
            type="text"
          />
        </div>
      </div>
      <div
        class="mb-3 form-group row"
      >
        <label
          class="form-label col-form-label col-sm-2"
          for="formPlaintextEmail"
        >
          Last Name
        </label>
        <div
          class="col-sm-10"
        >
          <input
            class="form-control"
            id="formPlaintextEmail"
            placeholder="Last Name"
            type="text"
          />
        </div>
      </div>
      <div
        class="mb-3 form-group row"
      >
        <label
          class="form-label col-form-label col-sm-2"
          for="formPlaintextEmail"
        >
          Email
        </label>
        <div
          class="col-sm-10"
        >
          <input
            class="form-control"
            id="formPlaintextEmail"
            placeholder="Email"
            type="text"
          />
        </div>
      </div>
      <div
        class="mb-3 form-group row"
      >
        <label
          class="form-label col-form-label col-sm-2"
          for="formPlaintextEmail"
        >
          Phone
        </label>
        <div
          class="col-sm-10"
        >
          <input
            class="form-control"
            id="formPlaintextEmail"
            placeholder="Phone"
            type="text"
          />
        </div>
      </div>
      <div
        style="padding: 10px; text-align: center;"
      >
        <button
          class="btn btn-primary"
          type="submit"
        >
          Submit
        </button>
      </div>
    </form>
  </div>
</div>
`;
